../Core/Src/main.c:98:5:main	8	static
../Core/Src/main.c:161:6:SystemClock_Config	96	static
../Core/Src/main.c:222:13:MX_ADC1_Init	32	static
../Core/Src/main.c:280:13:MX_TIM1_Init	40	static
../Core/Src/main.c:327:13:MX_TIM2_Init	64	static
../Core/Src/main.c:386:13:MX_USART2_UART_Init	8	static
../Core/Src/main.c:419:13:MX_DMA_Init	16	static
../Core/Src/main.c:440:13:MX_GPIO_Init	40	static
../Core/Src/main.c:479:6:HAL_ADC_ConvCpltCallback	16	static
../Core/Src/main.c:484:6:swap_buffers	16	static
../Core/Src/main.c:491:6:process_fft	40	static
../Core/Src/main.c:536:6:transmit_fft_results	88	static
../Core/Src/main.c:605:6:Error_Handler	4	static,ignoring_inline_asm
