../Core/Src/main.c:90:5:main	8	static
../Core/Src/main.c:151:6:SystemClock_Config	96	static
../Core/Src/main.c:212:13:MX_ADC1_Init	32	static
../Core/Src/main.c:270:13:MX_TIM2_Init	40	static
../Core/Src/main.c:315:13:MX_USART2_UART_Init	8	static
../Core/Src/main.c:348:13:MX_DMA_Init	16	static
../Core/Src/main.c:369:13:MX_GPIO_Init	40	static
../Core/Src/main.c:398:6:HAL_ADC_ConvCpltCallback	16	static
../Core/Src/main.c:403:6:process_fft	16	static
../Core/Src/main.c:420:6:transmit_fft_results	88	static
../Core/Src/main.c:444:6:Error_Handler	4	static,ignoring_inline_asm
