../Core/Src/main.c:90:5:main	8	static
../Core/Src/main.c:151:6:SystemClock_Config	96	static
../Core/Src/main.c:212:13:MX_ADC1_Init	32	static
../Core/Src/main.c:270:13:MX_TIM2_Init	64	static
../Core/Src/main.c:329:13:MX_USART2_UART_Init	8	static
../Core/Src/main.c:362:13:MX_DMA_Init	16	static
../Core/Src/main.c:383:13:MX_GPIO_Init	40	static
../Core/Src/main.c:412:6:HAL_ADC_ConvCpltCallback	16	static
../Core/Src/main.c:417:6:process_fft	16	static
../Core/Src/main.c:434:6:transmit_fft_results	88	static
../Core/Src/main.c:458:6:Error_Handler	4	static,ignoring_inline_asm
