../Core/Src/main.c:124:5:main	136	static
../Core/Src/main.c:242:6:SystemClock_Config	96	static
../Core/Src/main.c:303:13:MX_ADC1_Init	32	static
../Core/Src/main.c:370:13:MX_USART2_UART_Init	8	static
../Core/Src/main.c:403:13:MX_DMA_Init	16	static
../Core/Src/main.c:421:13:MX_GPIO_Init	40	static
../Core/Src/main.c:449:7:readTemperature	32	static
../Core/Src/main.c:459:7:readVolts	16	static
../Core/Src/main.c:464:7:applyMovingAverageFilter	24	static
../Core/Src/main.c:474:7:highPassFilter	48	static
../Core/Src/main.c:484:7:biquadBandpass	32	static
../Core/Src/main.c:495:6:calcBiquadBandpassCoeffs	88	static
../Core/Src/main.c:520:6:initFilters	8	static
../Core/Src/main.c:526:6:detectBreaths	80	static
../Core/Src/main.c:605:6:updateFusedKalmanFilter	56	static
../Core/Src/main.c:644:6:blinkLED	8	static
../Core/Src/main.c:655:6:sendDataViaUART	168	static
../Core/Src/main.c:669:6:Error_Handler	4	static,ignoring_inline_asm
