../Core/Src/main.c:124:5:main	6
../Core/Src/main.c:242:6:SystemClock_Config	4
../Core/Src/main.c:303:13:MX_ADC1_Init	4
../Core/Src/main.c:370:13:MX_USART2_UART_Init	2
../Core/Src/main.c:403:13:MX_DMA_Init	1
../Core/Src/main.c:421:13:MX_GPIO_Init	1
../Core/Src/main.c:449:7:readTemperature	1
../Core/Src/main.c:459:7:readVolts	1
../Core/Src/main.c:464:7:applyMovingAverageFilter	2
../Core/Src/main.c:474:7:highPassFilter	1
../Core/Src/main.c:484:7:biquadBandpass	1
../Core/Src/main.c:495:6:calcBiquadBandpassCoeffs	1
../Core/Src/main.c:520:6:initFilters	1
../Core/Src/main.c:526:6:detectBreaths	20
../Core/Src/main.c:605:6:updateFusedKalmanFilter	5
../Core/Src/main.c:644:6:blinkLED	1
../Core/Src/main.c:655:6:sendDataViaUART	1
../Core/Src/main.c:669:6:Error_Handler	1
