../Core/Src/main.c:132:5:main	136	static
../Core/Src/main.c:258:6:SystemClock_Config	96	static
../Core/Src/main.c:319:13:MX_ADC1_Init	32	static
../Core/Src/main.c:386:13:MX_USART2_UART_Init	8	static
../Core/Src/main.c:419:13:MX_DMA_Init	16	static
../Core/Src/main.c:437:13:MX_GPIO_Init	40	static
../Core/Src/main.c:465:7:readTemperature	32	static
../Core/Src/main.c:475:7:readVolts	16	static
../Core/Src/main.c:480:7:applyMovingAverageFilter	24	static
../Core/Src/main.c:490:7:highPassFilter	48	static
../Core/Src/main.c:500:7:biquadBandpass	32	static
../Core/Src/main.c:511:6:calcBiquadBandpassCoeffs	88	static
../Core/Src/main.c:536:6:initFilters	8	static
../Core/Src/main.c:542:6:detectBreaths	80	static
../Core/Src/main.c:621:6:updateFusedKalmanFilter	56	static
../Core/Src/main.c:660:6:blinkLED	8	static
../Core/Src/main.c:671:6:sendDataViaUART	248	static
../Core/Src/main.c:694:6:Error_Handler	4	static,ignoring_inline_asm
