../Core/Src/main.c:80:5:main	8	static
../Core/Src/main.c:141:6:SystemClock_Config	96	static
../Core/Src/main.c:202:13:MX_ADC1_Init	32	static
../Core/Src/main.c:260:13:MX_USART2_UART_Init	8	static
../Core/Src/main.c:293:13:MX_DMA_Init	16	static
../Core/Src/main.c:311:13:MX_GPIO_Init	40	static
../Core/Src/main.c:340:6:HAL_ADC_ConvHalfCpltCallback	16	static
../Core/Src/main.c:344:6:HAL_ADC_ConvCpltCallback	16	static
../Core/Src/main.c:349:6:TransmitADCDataToUART	24	static
../Core/Src/main.c:367:6:Error_Handler	4	static,ignoring_inline_asm
